2026-04-27 20:30:55,355 - rdmatcher - INFO - Initializing RDMatcher with provided control and exposure populations.
2026-04-27 20:30:55,355 - rdmatcher - INFO - Validating inputs and combining control and exposure populations.
2026-04-27 20:30:55,358 - rdmatcher - INFO - Control population size: 4900
2026-04-27 20:30:55,359 - rdmatcher - INFO - Exposure population size: 100
2026-04-27 20:30:55,361 - rdmatcher - INFO - Inputs validated and populations combined successfully.
2026-04-27 20:30:55,361 - rdmatcher - INFO - Skipping feature preprocessing as process_features is set to False.
2026-04-27 20:30:55,362 - rdmatcher - INFO - Dataset loaded. Raw data available in self.pop.
2026-04-27 20:30:55,362 - rdmatcher - INFO - Starting matching using method: multi
2026-04-27 20:30:55,363 - rdmatcher - INFO - Instantiating Matcher with 5000 records and features: ['age_at_first_visit', 'person_time', 'encounters', 'sex', 'race_ethnicity']
2026-04-27 20:30:55,364 - rdmatcher.matcher - INFO - Gower Metric: Keeping data as DataFrame to preserve Categorical types.
2026-04-27 20:30:55,366 - rdmatcher.matcher - INFO - Fitting GowerKNN model...
2026-04-27 20:30:55,370 - rdmatcher.matcher.distance - INFO - GowerKNN Fitted: 3 numeric, 2 categorical. (4900 samples)
2026-04-27 20:30:55,371 - rdmatcher.matcher.distance - INFO - Feature Weights: Numerical: {np.str_('age_at_first_visit'): np.float32(1.0), np.str_('person_time'): np.float32(1.0), np.str_('encounters'): np.float32(1.0)}
2026-04-27 20:30:55,372 - rdmatcher.matcher.distance - INFO - Feature Weights: Categorical: {np.str_('sex'): np.float32(1.0), np.str_('race_ethnicity'): np.float32(1.0)}
2026-04-27 20:30:55,376 - rdmatcher.matcher - INFO - Pre-filtering candidates (k=200)...
2026-04-27 20:30:55,377 - rdmatcher.matcher.distance - INFO - Computing Gower distances for 100 queries against 4900 controls.
2026-04-27 20:30:55,377 - rdmatcher.matcher.distance - INFO - Batch size: 1024. Loops per batch: 5
2026-04-27 20:30:55,377 - rdmatcher.matcher.distance - INFO - Processing batch 1/1 (0.0s elapsed)
2026-04-27 20:30:55,395 - rdmatcher.matcher.distance - INFO - Distance matrix computed. Sorting neighbors...
2026-04-27 20:30:55,426 - rdmatcher.matcher - WARNING - 42 exposed subjects have fewer than 1 safe matches within the top 200 candidates.
2026-04-27 20:30:55,426 - rdmatcher.matcher - INFO - Running Competitive Allocation Phase...
2026-04-27 20:30:55,426 - rdmatcher.matcher - INFO - Phase 1: Assigning safe controls for limited group.
2026-04-27 20:30:55,426 - rdmatcher.matcher - INFO - Phase 2: Starting iterative greedy for competitive/fuzzy controls.
2026-04-27 20:30:55,436 - rdmatcher.matcher - INFO - Running Global Optimal Phase for 67 subjects...
2026-04-27 20:30:55,437 - rdmatcher.matching - WARNING - Dropping 9 subjects from optimal matching because they have 0 valid candidates within the threshold (0.25). Consider increasing threshold or relaxing candidate selection.
2026-04-27 20:30:55,445 - rdmatcher.matcher - WARNING - 9 exposed subjects were unmatched. Included with n_matches=0.
2026-04-27 20:30:55,448 - rdmatcher.matching - INFO - Matching Summary:
2026-04-27 20:30:55,448 - rdmatcher.matching - INFO - ================================================================================
2026-04-27 20:30:55,449 - rdmatcher.matching - INFO -  Unique exposed subjects matched: 100
2026-04-27 20:30:55,449 - rdmatcher.matching - INFO -  Unique control subjects matched: 91
2026-04-27 20:30:55,449 - rdmatcher.matching - INFO -  Total subjects in matched set: 191
2026-04-27 20:30:55,449 - rdmatcher.matching - INFO -  Matching ratio (control:exposed): 0.91:1
2026-04-27 20:30:55,449 - rdmatcher.matching - INFO - --------------------------------------------------------------------------------
2026-04-27 20:30:55,449 - rdmatcher.matching - INFO -  Duplicate exposed rows (expected due to joins): 0
2026-04-27 20:30:55,449 - rdmatcher.matching - INFO -  Duplicate control rows (should be 0 if no repl.): 0
2026-04-27 20:30:55,449 - rdmatcher.matching - INFO - --------------------------------------------------------------------------------
2026-04-27 20:30:55,449 - rdmatcher.matching - INFO -  Number of exposed subjects NOT matched: 0
2026-04-27 20:30:55,449 - rdmatcher.matching - INFO - --------------------------------------------------------------------------------
2026-04-27 20:30:55,449 - rdmatcher.matching - INFO -  Distribution of matches per exposed: {1.0: 91, 0.0: 9}
2026-04-27 20:30:55,450 - rdmatcher - INFO - Matching complete. 191 patients matched.
2026-04-27 20:30:55,452 - rdmatcher - INFO - Running matching diagnostics.
2026-04-27 20:30:55,455 - rdmatcher.matching - INFO - Summary Stats Table After Matching:
                       Feature  Mean_Exposed  Std_Exposed  Mean_Control  Std_Control   SMD SMD Result
            age_at_first_visit        38.261        5.058        37.635        5.638 0.117        BAD
                   person_time         8.645        2.811         8.578        2.895 0.024         OK
                    encounters        23.773        8.776        23.709        8.969 0.007         OK
                 sex_Nonbinary         3.297          NaN         3.297          NaN 0.000         OK
                      sex_Male        36.264          NaN        36.264          NaN 0.000         OK
                   sex_Unknown         2.198          NaN         2.198          NaN 0.000         OK
                    sex_Female        58.242          NaN        58.242          NaN 0.000         OK
          race_ethnicity_White        38.462          NaN        38.462          NaN 0.000         OK
race_ethnicity_Native American         2.198          NaN         2.198          NaN 0.000         OK
race_ethnicity_Black or Africa         9.890          NaN         9.890          NaN 0.000         OK
          race_ethnicity_Asian         7.692          NaN         7.692          NaN 0.000         OK
race_ethnicity_Unknown/Decline        35.165          NaN        35.165          NaN 0.000         OK
          race_ethnicity_Other         6.593          NaN         6.593          NaN 0.000         OK
2026-04-27 20:31:48,588 - rdmatcher - INFO - Initializing RDMatcher with provided control and exposure populations.
2026-04-27 20:31:48,588 - rdmatcher - INFO - Validating inputs and combining control and exposure populations.
2026-04-27 20:31:48,590 - rdmatcher - INFO - Control population size: 9900
2026-04-27 20:31:48,590 - rdmatcher - INFO - Exposure population size: 100
2026-04-27 20:31:48,591 - rdmatcher - INFO - Inputs validated and populations combined successfully.
2026-04-27 20:31:48,591 - rdmatcher - INFO - Skipping feature preprocessing as process_features is set to False.
2026-04-27 20:31:48,591 - rdmatcher - INFO - Dataset loaded. Raw data available in self.pop.
2026-04-27 20:31:48,592 - rdmatcher - INFO - Starting matching using method: multi
2026-04-27 20:31:48,592 - rdmatcher - INFO - Instantiating Matcher with 10000 records and features: ['age_at_first_visit', 'person_time', 'encounters', 'sex', 'race_ethnicity']
2026-04-27 20:31:48,593 - rdmatcher.matcher - INFO - Gower Metric: Keeping data as DataFrame to preserve Categorical types.
2026-04-27 20:31:48,594 - rdmatcher.matcher - INFO - Fitting GowerKNN model...
2026-04-27 20:31:48,595 - rdmatcher.matcher.distance - INFO - GowerKNN Fitted: 3 numeric, 2 categorical. (9900 samples)
2026-04-27 20:31:48,596 - rdmatcher.matcher.distance - INFO - Feature Weights: Numerical: {np.str_('age_at_first_visit'): np.float32(1.0), np.str_('person_time'): np.float32(1.0), np.str_('encounters'): np.float32(1.0)}
2026-04-27 20:31:48,596 - rdmatcher.matcher.distance - INFO - Feature Weights: Categorical: {np.str_('sex'): np.float32(1.0), np.str_('race_ethnicity'): np.float32(1.0)}
2026-04-27 20:31:48,611 - rdmatcher.matcher - INFO - Pre-filtering candidates (k=500)...
2026-04-27 20:31:48,613 - rdmatcher.matcher.distance - INFO - Computing Gower distances for 100 queries against 9900 controls.
2026-04-27 20:31:48,613 - rdmatcher.matcher.distance - INFO - Batch size: 1024. Loops per batch: 5
2026-04-27 20:31:48,613 - rdmatcher.matcher.distance - INFO - Processing batch 1/1 (0.0s elapsed)
2026-04-27 20:31:48,688 - rdmatcher.matcher.distance - INFO - Distance matrix computed. Sorting neighbors...
2026-04-27 20:31:48,751 - rdmatcher.matcher - WARNING - 39 exposed subjects have fewer than 1 safe matches within the top 500 candidates.
2026-04-27 20:31:48,751 - rdmatcher.matcher - INFO - Running Competitive Allocation Phase...
2026-04-27 20:31:48,751 - rdmatcher.matcher - INFO - Phase 1: Assigning safe controls for limited group.
2026-04-27 20:31:48,751 - rdmatcher.matcher - INFO - Phase 2: Starting iterative greedy for competitive/fuzzy controls.
2026-04-27 20:31:48,769 - rdmatcher.matcher - INFO - Running Global Optimal Phase for 71 subjects...
2026-04-27 20:31:48,770 - rdmatcher.matching - WARNING - Dropping 10 subjects from optimal matching because they have 0 valid candidates within the threshold (0.1). Consider increasing threshold or relaxing candidate selection.
2026-04-27 20:31:48,783 - rdmatcher.matcher - WARNING - 10 exposed subjects were unmatched. Included with n_matches=0.
2026-04-27 20:31:48,785 - rdmatcher.matching - INFO - Matching Summary:
2026-04-27 20:31:48,786 - rdmatcher.matching - INFO - ================================================================================
2026-04-27 20:31:48,786 - rdmatcher.matching - INFO -  Unique exposed subjects matched: 100
2026-04-27 20:31:48,786 - rdmatcher.matching - INFO -  Unique control subjects matched: 90
2026-04-27 20:31:48,786 - rdmatcher.matching - INFO -  Total subjects in matched set: 190
2026-04-27 20:31:48,786 - rdmatcher.matching - INFO -  Matching ratio (control:exposed): 0.90:1
2026-04-27 20:31:48,786 - rdmatcher.matching - INFO - --------------------------------------------------------------------------------
2026-04-27 20:31:48,786 - rdmatcher.matching - INFO -  Duplicate exposed rows (expected due to joins): 0
2026-04-27 20:31:48,786 - rdmatcher.matching - INFO -  Duplicate control rows (should be 0 if no repl.): 0
2026-04-27 20:31:48,786 - rdmatcher.matching - INFO - --------------------------------------------------------------------------------
2026-04-27 20:31:48,786 - rdmatcher.matching - INFO -  Number of exposed subjects NOT matched: 0
2026-04-27 20:31:48,786 - rdmatcher.matching - INFO - --------------------------------------------------------------------------------
2026-04-27 20:31:48,786 - rdmatcher.matching - INFO -  Distribution of matches per exposed: {1.0: 90, 0.0: 10}
2026-04-27 20:31:48,788 - rdmatcher - INFO - Matching complete. 190 patients matched.
2026-04-27 20:31:48,790 - rdmatcher - INFO - Running matching diagnostics.
2026-04-27 20:31:48,794 - rdmatcher.matching - INFO - Summary Stats Table After Matching:
                       Feature  Mean_Exposed  Std_Exposed  Mean_Control  Std_Control   SMD SMD Result
            age_at_first_visit        37.437        4.491        37.101        5.119 0.070         OK
                   person_time         8.980        3.134         8.983        3.226 0.001         OK
                    encounters        27.025        8.518        26.941        8.246 0.010         OK
                 sex_Nonbinary         2.222          NaN         2.222          NaN 0.000         OK
                      sex_Male        45.556          NaN        45.556          NaN 0.000         OK
                   sex_Unknown         1.111          NaN         1.111          NaN 0.000         OK
                    sex_Female        51.111          NaN        51.111          NaN 0.000         OK
          race_ethnicity_White        38.889          NaN        38.889          NaN 0.000         OK
race_ethnicity_Native American         2.222          NaN         2.222          NaN 0.000         OK
race_ethnicity_Black or Africa         4.444          NaN         4.444          NaN 0.000         OK
          race_ethnicity_Asian         6.667          NaN         6.667          NaN 0.000         OK
race_ethnicity_Unknown/Decline        35.556          NaN        35.556          NaN 0.000         OK
          race_ethnicity_Other        12.222          NaN        12.222          NaN 0.000         OK
2026-04-27 20:32:27,286 - rdmatcher - INFO - Initializing RDMatcher with provided control and exposure populations.
2026-04-27 20:32:27,287 - rdmatcher - INFO - Validating inputs and combining control and exposure populations.
2026-04-27 20:32:27,296 - rdmatcher - INFO - Control population size: 9900
2026-04-27 20:32:27,296 - rdmatcher - INFO - Exposure population size: 100
2026-04-27 20:32:27,301 - rdmatcher - INFO - Inputs validated and populations combined successfully.
2026-04-27 20:32:27,301 - rdmatcher - INFO - Skipping feature preprocessing as process_features is set to False.
2026-04-27 20:32:27,301 - rdmatcher - INFO - Dataset loaded. Raw data available in self.pop.
2026-04-27 20:32:27,310 - rdmatcher.train - INFO - Strategy: Standard Logistic Regression (Full Cohort).
2026-04-27 20:32:40,319 - rdmatcher - INFO - Initializing RDMatcher with provided control and exposure populations.
2026-04-27 20:32:40,319 - rdmatcher - INFO - Validating inputs and combining control and exposure populations.
2026-04-27 20:32:40,326 - rdmatcher - INFO - Control population size: 9900
2026-04-27 20:32:40,326 - rdmatcher - INFO - Exposure population size: 100
2026-04-27 20:32:40,327 - rdmatcher - INFO - Inputs validated and populations combined successfully.
2026-04-27 20:32:40,327 - rdmatcher - INFO - Skipping feature preprocessing as process_features is set to False.
2026-04-27 20:32:40,327 - rdmatcher - INFO - Dataset loaded. Raw data available in self.pop.
2026-04-27 20:32:40,327 - rdmatcher - INFO - Starting matching using method: multi
2026-04-27 20:32:40,328 - rdmatcher - INFO - Instantiating Matcher with 10000 records and features: ['age_at_first_visit', 'person_time', 'encounters', 'sex', 'race_ethnicity']
2026-04-27 20:32:40,328 - rdmatcher.matcher - INFO - Gower Metric: Keeping data as DataFrame to preserve Categorical types.
2026-04-27 20:32:40,329 - rdmatcher.matcher - INFO - Fitting GowerKNN model...
2026-04-27 20:32:40,329 - rdmatcher.matcher.distance - INFO - GowerKNN Fitted: 3 numeric, 2 categorical. (9900 samples)
2026-04-27 20:32:40,334 - rdmatcher.matcher.distance - INFO - Feature Weights: Numerical: {np.str_('age_at_first_visit'): np.float32(1.0), np.str_('person_time'): np.float32(1.0), np.str_('encounters'): np.float32(1.0)}
2026-04-27 20:32:40,334 - rdmatcher.matcher.distance - INFO - Feature Weights: Categorical: {np.str_('sex'): np.float32(1.0), np.str_('race_ethnicity'): np.float32(1.0)}
2026-04-27 20:32:40,341 - rdmatcher.matcher - INFO - Pre-filtering candidates (k=500)...
2026-04-27 20:32:40,341 - rdmatcher.matcher.distance - INFO - Computing Gower distances for 100 queries against 9900 controls.
2026-04-27 20:32:40,341 - rdmatcher.matcher.distance - INFO - Batch size: 1024. Loops per batch: 5
2026-04-27 20:32:40,341 - rdmatcher.matcher.distance - INFO - Processing batch 1/1 (0.0s elapsed)
2026-04-27 20:32:40,355 - rdmatcher.matcher.distance - INFO - Distance matrix computed. Sorting neighbors...
2026-04-27 20:32:40,423 - rdmatcher.matcher - WARNING - 39 exposed subjects have fewer than 1 safe matches within the top 500 candidates.
2026-04-27 20:32:40,423 - rdmatcher.matcher - INFO - Running Competitive Allocation Phase...
2026-04-27 20:32:40,423 - rdmatcher.matcher - INFO - Phase 1: Assigning safe controls for limited group.
2026-04-27 20:32:40,423 - rdmatcher.matcher - INFO - Phase 2: Starting iterative greedy for competitive/fuzzy controls.
2026-04-27 20:32:40,440 - rdmatcher.matcher - INFO - Running Global Optimal Phase for 71 subjects...
2026-04-27 20:32:40,442 - rdmatcher.matching - WARNING - Dropping 10 subjects from optimal matching because they have 0 valid candidates within the threshold (0.1). Consider increasing threshold or relaxing candidate selection.
2026-04-27 20:32:40,454 - rdmatcher.matcher - WARNING - 10 exposed subjects were unmatched. Included with n_matches=0.
2026-04-27 20:32:40,460 - rdmatcher.matching - INFO - Matching Summary:
2026-04-27 20:32:40,460 - rdmatcher.matching - INFO - ================================================================================
2026-04-27 20:32:40,460 - rdmatcher.matching - INFO -  Unique exposed subjects matched: 100
2026-04-27 20:32:40,460 - rdmatcher.matching - INFO -  Unique control subjects matched: 90
2026-04-27 20:32:40,460 - rdmatcher.matching - INFO -  Total subjects in matched set: 190
2026-04-27 20:32:40,460 - rdmatcher.matching - INFO -  Matching ratio (control:exposed): 0.90:1
2026-04-27 20:32:40,460 - rdmatcher.matching - INFO - --------------------------------------------------------------------------------
2026-04-27 20:32:40,461 - rdmatcher.matching - INFO -  Duplicate exposed rows (expected due to joins): 0
2026-04-27 20:32:40,461 - rdmatcher.matching - INFO -  Duplicate control rows (should be 0 if no repl.): 0
2026-04-27 20:32:40,461 - rdmatcher.matching - INFO - --------------------------------------------------------------------------------
2026-04-27 20:32:40,461 - rdmatcher.matching - INFO -  Number of exposed subjects NOT matched: 0
2026-04-27 20:32:40,461 - rdmatcher.matching - INFO - --------------------------------------------------------------------------------
2026-04-27 20:32:40,461 - rdmatcher.matching - INFO -  Distribution of matches per exposed: {1.0: 90, 0.0: 10}
2026-04-27 20:32:40,462 - rdmatcher - INFO - Matching complete. 190 patients matched.
2026-04-27 20:32:40,464 - rdmatcher - INFO - Running matching diagnostics.
2026-04-27 20:32:40,468 - rdmatcher.matching - INFO - Summary Stats Table After Matching:
                       Feature  Mean_Exposed  Std_Exposed  Mean_Control  Std_Control   SMD SMD Result
            age_at_first_visit        37.437        4.491        37.101        5.119 0.070         OK
                   person_time         8.980        3.134         8.983        3.226 0.001         OK
                    encounters        27.025        8.518        26.941        8.246 0.010         OK
                 sex_Nonbinary         2.222          NaN         2.222          NaN 0.000         OK
                      sex_Male        45.556          NaN        45.556          NaN 0.000         OK
                   sex_Unknown         1.111          NaN         1.111          NaN 0.000         OK
                    sex_Female        51.111          NaN        51.111          NaN 0.000         OK
          race_ethnicity_White        38.889          NaN        38.889          NaN 0.000         OK
race_ethnicity_Native American         2.222          NaN         2.222          NaN 0.000         OK
race_ethnicity_Black or Africa         4.444          NaN         4.444          NaN 0.000         OK
          race_ethnicity_Asian         6.667          NaN         6.667          NaN 0.000         OK
race_ethnicity_Unknown/Decline        35.556          NaN        35.556          NaN 0.000         OK
          race_ethnicity_Other        12.222          NaN        12.222          NaN 0.000         OK
2026-04-27 20:33:04,018 - rdmatcher - INFO - Initializing RDMatcher with provided control and exposure populations.
2026-04-27 20:33:04,018 - rdmatcher - INFO - Validating inputs and combining control and exposure populations.
2026-04-27 20:33:04,020 - rdmatcher - INFO - Control population size: 9900
2026-04-27 20:33:04,021 - rdmatcher - INFO - Exposure population size: 100
2026-04-27 20:33:04,022 - rdmatcher - INFO - Inputs validated and populations combined successfully.
2026-04-27 20:33:04,022 - rdmatcher - INFO - Skipping feature preprocessing as process_features is set to False.
2026-04-27 20:33:04,022 - rdmatcher - INFO - Dataset loaded. Raw data available in self.pop.
2026-04-27 20:33:04,023 - rdmatcher - INFO - Starting matching using method: multi
2026-04-27 20:33:04,025 - rdmatcher - INFO - Instantiating Matcher with 10000 records and features: ['age_at_first_visit', 'person_time', 'encounters', 'sex', 'race_ethnicity']
2026-04-27 20:33:04,026 - rdmatcher.matcher - INFO - Gower Metric: Keeping data as DataFrame to preserve Categorical types.
2026-04-27 20:33:04,027 - rdmatcher.matcher - INFO - Fitting GowerKNN model...
2026-04-27 20:33:04,027 - rdmatcher.matcher.distance - INFO - GowerKNN Fitted: 3 numeric, 2 categorical. (9900 samples)
2026-04-27 20:33:04,029 - rdmatcher.matcher.distance - INFO - Feature Weights: Numerical: {np.str_('age_at_first_visit'): np.float32(1.0), np.str_('person_time'): np.float32(1.0), np.str_('encounters'): np.float32(1.0)}
2026-04-27 20:33:04,029 - rdmatcher.matcher.distance - INFO - Feature Weights: Categorical: {np.str_('sex'): np.float32(1.0), np.str_('race_ethnicity'): np.float32(1.0)}
2026-04-27 20:33:04,043 - rdmatcher.matcher - INFO - Pre-filtering candidates (k=500)...
2026-04-27 20:33:04,047 - rdmatcher.matcher.distance - INFO - Computing Gower distances for 100 queries against 9900 controls.
2026-04-27 20:33:04,047 - rdmatcher.matcher.distance - INFO - Batch size: 1024. Loops per batch: 5
2026-04-27 20:33:04,048 - rdmatcher.matcher.distance - INFO - Processing batch 1/1 (0.0s elapsed)
2026-04-27 20:33:04,079 - rdmatcher.matcher.distance - INFO - Distance matrix computed. Sorting neighbors...
2026-04-27 20:33:04,156 - rdmatcher.matcher - WARNING - 39 exposed subjects have fewer than 1 safe matches within the top 500 candidates.
2026-04-27 20:33:04,156 - rdmatcher.matcher - INFO - Running Competitive Allocation Phase...
2026-04-27 20:33:04,157 - rdmatcher.matcher - INFO - Phase 1: Assigning safe controls for limited group.
2026-04-27 20:33:04,157 - rdmatcher.matcher - INFO - Phase 2: Starting iterative greedy for competitive/fuzzy controls.
2026-04-27 20:33:04,173 - rdmatcher.matcher - INFO - Running Global Optimal Phase for 71 subjects...
2026-04-27 20:33:04,173 - rdmatcher.matching - WARNING - Dropping 10 subjects from optimal matching because they have 0 valid candidates within the threshold (0.1). Consider increasing threshold or relaxing candidate selection.
2026-04-27 20:33:04,183 - rdmatcher.matcher - WARNING - 10 exposed subjects were unmatched. Included with n_matches=0.
2026-04-27 20:33:04,186 - rdmatcher.matching - INFO - Matching Summary:
2026-04-27 20:33:04,186 - rdmatcher.matching - INFO - ================================================================================
2026-04-27 20:33:04,187 - rdmatcher.matching - INFO -  Unique exposed subjects matched: 100
2026-04-27 20:33:04,187 - rdmatcher.matching - INFO -  Unique control subjects matched: 90
2026-04-27 20:33:04,187 - rdmatcher.matching - INFO -  Total subjects in matched set: 190
2026-04-27 20:33:04,187 - rdmatcher.matching - INFO -  Matching ratio (control:exposed): 0.90:1
2026-04-27 20:33:04,187 - rdmatcher.matching - INFO - --------------------------------------------------------------------------------
2026-04-27 20:33:04,187 - rdmatcher.matching - INFO -  Duplicate exposed rows (expected due to joins): 0
2026-04-27 20:33:04,187 - rdmatcher.matching - INFO -  Duplicate control rows (should be 0 if no repl.): 0
2026-04-27 20:33:04,187 - rdmatcher.matching - INFO - --------------------------------------------------------------------------------
2026-04-27 20:33:04,187 - rdmatcher.matching - INFO -  Number of exposed subjects NOT matched: 0
2026-04-27 20:33:04,187 - rdmatcher.matching - INFO - --------------------------------------------------------------------------------
2026-04-27 20:33:04,187 - rdmatcher.matching - INFO -  Distribution of matches per exposed: {1.0: 90, 0.0: 10}
2026-04-27 20:33:04,188 - rdmatcher - INFO - Matching complete. 190 patients matched.
2026-04-27 20:33:04,190 - rdmatcher - INFO - Running matching diagnostics.
2026-04-27 20:33:04,193 - rdmatcher.matching - INFO - Summary Stats Table After Matching:
                       Feature  Mean_Exposed  Std_Exposed  Mean_Control  Std_Control   SMD SMD Result
            age_at_first_visit        37.437        4.491        37.101        5.119 0.070         OK
                   person_time         8.980        3.134         8.983        3.226 0.001         OK
                    encounters        27.025        8.518        26.941        8.246 0.010         OK
                 sex_Nonbinary         2.222          NaN         2.222          NaN 0.000         OK
                      sex_Male        45.556          NaN        45.556          NaN 0.000         OK
                   sex_Unknown         1.111          NaN         1.111          NaN 0.000         OK
                    sex_Female        51.111          NaN        51.111          NaN 0.000         OK
          race_ethnicity_White        38.889          NaN        38.889          NaN 0.000         OK
race_ethnicity_Native American         2.222          NaN         2.222          NaN 0.000         OK
race_ethnicity_Black or Africa         4.444          NaN         4.444          NaN 0.000         OK
          race_ethnicity_Asian         6.667          NaN         6.667          NaN 0.000         OK
race_ethnicity_Unknown/Decline        35.556          NaN        35.556          NaN 0.000         OK
          race_ethnicity_Other        12.222          NaN        12.222          NaN 0.000         OK
2026-04-27 20:34:14,228 - rdmatcher - INFO - Initializing RDMatcher with provided control and exposure populations.
2026-04-27 20:34:14,228 - rdmatcher - INFO - Validating inputs and combining control and exposure populations.
2026-04-27 20:34:14,229 - rdmatcher - INFO - Control population size: 9900
2026-04-27 20:34:14,231 - rdmatcher - INFO - Exposure population size: 100
2026-04-27 20:34:14,232 - rdmatcher - INFO - Inputs validated and populations combined successfully.
2026-04-27 20:34:14,232 - rdmatcher - INFO - Skipping feature preprocessing as process_features is set to False.
2026-04-27 20:34:14,232 - rdmatcher - INFO - Dataset loaded. Raw data available in self.pop.
2026-04-27 20:34:14,232 - rdmatcher - INFO - Starting matching using method: multi
2026-04-27 20:34:14,233 - rdmatcher - INFO - Instantiating Matcher with 10000 records and features: ['age_at_first_visit', 'person_time', 'encounters', 'sex', 'race_ethnicity']
2026-04-27 20:34:14,233 - rdmatcher.matcher - INFO - Gower Metric: Keeping data as DataFrame to preserve Categorical types.
2026-04-27 20:34:14,234 - rdmatcher.matcher - INFO - Fitting GowerKNN model...
2026-04-27 20:34:14,234 - rdmatcher.matcher.distance - INFO - GowerKNN Fitted: 3 numeric, 2 categorical. (9900 samples)
2026-04-27 20:34:14,235 - rdmatcher.matcher.distance - INFO - Feature Weights: Numerical: {np.str_('age_at_first_visit'): np.float32(1.0), np.str_('person_time'): np.float32(1.0), np.str_('encounters'): np.float32(1.0)}
2026-04-27 20:34:14,235 - rdmatcher.matcher.distance - INFO - Feature Weights: Categorical: {np.str_('sex'): np.float32(1.0), np.str_('race_ethnicity'): np.float32(1.0)}
2026-04-27 20:34:14,241 - rdmatcher.matcher - INFO - Pre-filtering candidates (k=500)...
2026-04-27 20:34:14,242 - rdmatcher.matcher.distance - INFO - Computing Gower distances for 100 queries against 9900 controls.
2026-04-27 20:34:14,242 - rdmatcher.matcher.distance - INFO - Batch size: 1024. Loops per batch: 5
2026-04-27 20:34:14,242 - rdmatcher.matcher.distance - INFO - Processing batch 1/1 (0.0s elapsed)
2026-04-27 20:34:14,268 - rdmatcher.matcher.distance - INFO - Distance matrix computed. Sorting neighbors...
2026-04-27 20:34:14,329 - rdmatcher.matcher - WARNING - 39 exposed subjects have fewer than 1 safe matches within the top 500 candidates.
2026-04-27 20:34:14,329 - rdmatcher.matcher - INFO - Running Competitive Allocation Phase...
2026-04-27 20:34:14,329 - rdmatcher.matcher - INFO - Phase 1: Assigning safe controls for limited group.
2026-04-27 20:34:14,329 - rdmatcher.matcher - INFO - Phase 2: Starting iterative greedy for competitive/fuzzy controls.
2026-04-27 20:34:14,346 - rdmatcher.matcher - INFO - Running Global Optimal Phase for 71 subjects...
2026-04-27 20:34:14,346 - rdmatcher.matching - WARNING - Dropping 10 subjects from optimal matching because they have 0 valid candidates within the threshold (0.1). Consider increasing threshold or relaxing candidate selection.
2026-04-27 20:34:14,356 - rdmatcher.matcher - WARNING - 10 exposed subjects were unmatched. Included with n_matches=0.
2026-04-27 20:34:14,359 - rdmatcher.matching - INFO - Matching Summary:
2026-04-27 20:34:14,359 - rdmatcher.matching - INFO - ================================================================================
2026-04-27 20:34:14,359 - rdmatcher.matching - INFO -  Unique exposed subjects matched: 100
2026-04-27 20:34:14,360 - rdmatcher.matching - INFO -  Unique control subjects matched: 90
2026-04-27 20:34:14,360 - rdmatcher.matching - INFO -  Total subjects in matched set: 190
2026-04-27 20:34:14,360 - rdmatcher.matching - INFO -  Matching ratio (control:exposed): 0.90:1
2026-04-27 20:34:14,360 - rdmatcher.matching - INFO - --------------------------------------------------------------------------------
2026-04-27 20:34:14,360 - rdmatcher.matching - INFO -  Duplicate exposed rows (expected due to joins): 0
2026-04-27 20:34:14,360 - rdmatcher.matching - INFO -  Duplicate control rows (should be 0 if no repl.): 0
2026-04-27 20:34:14,360 - rdmatcher.matching - INFO - --------------------------------------------------------------------------------
2026-04-27 20:34:14,360 - rdmatcher.matching - INFO -  Number of exposed subjects NOT matched: 0
2026-04-27 20:34:14,360 - rdmatcher.matching - INFO - --------------------------------------------------------------------------------
2026-04-27 20:34:14,360 - rdmatcher.matching - INFO -  Distribution of matches per exposed: {1.0: 90, 0.0: 10}
2026-04-27 20:34:14,361 - rdmatcher - INFO - Matching complete. 190 patients matched.
2026-04-27 20:34:14,364 - rdmatcher - INFO - Running matching diagnostics.
2026-04-27 20:34:14,367 - rdmatcher.matching - INFO - Summary Stats Table After Matching:
                       Feature  Mean_Exposed  Std_Exposed  Mean_Control  Std_Control   SMD SMD Result
            age_at_first_visit        37.437        4.491        37.101        5.119 0.070         OK
                   person_time         8.980        3.134         8.983        3.226 0.001         OK
                    encounters        27.025        8.518        26.941        8.246 0.010         OK
                   sex_Unknown         1.111          NaN         1.111          NaN 0.000         OK
                 sex_Nonbinary         2.222          NaN         2.222          NaN 0.000         OK
                    sex_Female        51.111          NaN        51.111          NaN 0.000         OK
                      sex_Male        45.556          NaN        45.556          NaN 0.000         OK
          race_ethnicity_Asian         6.667          NaN         6.667          NaN 0.000         OK
          race_ethnicity_White        38.889          NaN        38.889          NaN 0.000         OK
race_ethnicity_Black or Africa         4.444          NaN         4.444          NaN 0.000         OK
race_ethnicity_Unknown/Decline        35.556          NaN        35.556          NaN 0.000         OK
          race_ethnicity_Other        12.222          NaN        12.222          NaN 0.000         OK
race_ethnicity_Native American         2.222          NaN         2.222          NaN 0.000         OK
